
> adhan-hashim-portfolio@0.0.0 build
> vite build

[36mvite v8.0.8 [32mbuilding client environment for production...[36m[39m
[2K
transforming...Γ£ô 2217 modules transformed.
rendering chunks...
node.exe : [31mΓ£ù[39m Build failed in 699ms
At line:1 char:1
+ & "C:\Program Files\nodejs/node.exe" "C:\Program Files\nodejs/node_mo ...
+ ~~~~~~~~~~~~~~~~~~~~~~~~~~~~~~~~~~~~~~~~~~~~~~~~~~~~~~~~~~~~~~~~~~~~~
    + CategoryInfo          : NotSpecified: ([31mΓ£ù[39m Build failed in 699ms:String) [], RemoteException
    + FullyQualifiedErrorId : NativeCommandError
 
[31merror during build:
[31mBuild failed with 2 errors:

[31m[MISSING_EXPORT] Error:[0m "Linkedin" is not exported by "node_modules/lucide-react/dist/esm/lucide-react.js".
   [38;5;246mΓò¡[0m[38;5;246mΓöÇ[0m[38;5;246m[[0m src/components/AboutPage.jsx:3:10 [38;5;246m][0m
   [38;5;246mΓöé[0m
 [38;5;246m3 Γöé[0m 
[38;5;249mi[0m[38;5;249mm[0m[38;5;249mp[0m[38;5;249mo[0m[38;5;249mr[0m[38;5;249mt[0m[38;5;249m 
[0m[38;5;249m{[0m[38;5;249m [0mLinkedin[38;5;249m,[0m[38;5;249m 
[0m[38;5;249mM[0m[38;5;249ma[0m[38;5;249mi[0m[38;5;249ml[0m[38;5;249m,[0m[38;5;249m [0m[38;5;249mP[0m[3
8;5;249me[0m[38;5;249mn[0m[38;5;249mT[0m[38;5;249mo[0m[38;5;249mo[0m[38;5;249ml[0m[38;5;249m,[0m[38;5;249
m [0m[38;5;249mL[0m[38;5;249ma[0m[38;5;249my[0m[38;5;249mo[0m[38;5;249mu[0m[38;5;249mt[0m[38;5;249m,[0m
[38;5;249m [0m[38;5;249mB[0m[38;5;249mo[0m[38;5;249mx[0m[38;5;249m,[0m[38;5;249m 
[0m[38;5;249mG[0m[38;5;249mi[0m[38;5;249mt[0m[38;5;249mh[0m[38;5;249mu[0m[38;5;249mb[0m[38;5;249m 
[0m[38;5;249m}[0m[38;5;249m [0m[38;5;249mf[0m[38;5;249mr[0m[38;5;249mo[0m[38;5;249mm[0m[38;5;249m [0m[3
8;5;249m"[0m[38;5;249ml[0m[38;5;249mu[0m[38;5;249mc[0m[38;5;249mi[0m[38;5;249md[0m[38;5;249me[0m[38;5;249
m-[0m[38;5;249mr[0m[38;5;249me[0m[38;5;249ma[0m[38;5;249mc[0m[38;5;249mt[0m[38;5;249m"[0m[38;5;249m;[0m
 [38;5;240m  Γöé[0m          ΓöÇΓöÇΓöÇΓöÇΓö¼ΓöÇΓöÇΓöÇ  
 [38;5;240m  Γöé[0m              Γò░ΓöÇΓöÇΓöÇΓöÇΓöÇ Missing export
[38;5;246mΓöÇΓöÇΓöÇΓò»[0m

[31m[MISSING_EXPORT] Error:[0m "Github" is not exported by "node_modules/lucide-react/dist/esm/lucide-react.js".
   [38;5;246mΓò¡[0m[38;5;246mΓöÇ[0m[38;5;246m[[0m src/components/AboutPage.jsx:3:48 [38;5;246m][0m
   [38;5;246mΓöé[0m
 [38;5;246m3 Γöé[0m 
[38;5;249mi[0m[38;5;249mm[0m[38;5;249mp[0m[38;5;249mo[0m[38;5;249mr[0m[38;5;249mt[0m[38;5;249m 
[0m[38;5;249m{[0m[38;5;249m [0m[38;5;249mL[0m[38;5;249mi[0m[38;5;249mn[0m[38;5;249mk[0m[38;5;249me[0m[3
8;5;249md[0m[38;5;249mi[0m[38;5;249mn[0m[38;5;249m,[0m[38;5;249m 
[0m[38;5;249mM[0m[38;5;249ma[0m[38;5;249mi[0m[38;5;249ml[0m[38;5;249m,[0m[38;5;249m [0m[38;5;249mP[0m[3
8;5;249me[0m[38;5;249mn[0m[38;5;249mT[0m[38;5;249mo[0m[38;5;249mo[0m[38;5;249ml[0m[38;5;249m,[0m[38;5;249
m [0m[38;5;249mL[0m[38;5;249ma[0m[38;5;249my[0m[38;5;249mo[0m[38;5;249mu[0m[38;5;249mt[0m[38;5;249m,[0m
[38;5;249m [0m[38;5;249mB[0m[38;5;249mo[0m[38;5;249mx[0m[38;5;249m,[0m[38;5;249m [0mGithub[38;5;249m 
[0m[38;5;249m}[0m[38;5;249m [0m[38;5;249mf[0m[38;5;249mr[0m[38;5;249mo[0m[38;5;249mm[0m[38;5;249m [0m[3
8;5;249m"[0m[38;5;249ml[0m[38;5;249mu[0m[38;5;249mc[0m[38;5;249mi[0m[38;5;249md[0m[38;5;249me[0m[38;5;249
m-[0m[38;5;249mr[0m[38;5;249me[0m[38;5;249ma[0m[38;5;249mc[0m[38;5;249mt[0m[38;5;249m"[0m[38;5;249m;[0m
 [38;5;240m  Γöé[0m                                                ΓöÇΓöÇΓöÇΓö¼ΓöÇΓöÇ  
 [38;5;240m  Γöé[0m                                                   Γò░ΓöÇΓöÇΓöÇΓöÇ Missing export
[38;5;246mΓöÇΓöÇΓöÇΓò»[0m
[31m
    at aggregateBindingErrorsIntoJsError (file:///C:/Users/adhan/OneDrive/Desktop/adhan%20hashim%20portfolio/node_modul
es/rolldown/dist/shared/error-w0u7biK-.mjs:48:18)
    at unwrapBindingResult (file:///C:/Users/adhan/OneDrive/Desktop/adhan%20hashim%20portfolio/node_modules/rolldown/di
st/shared/error-w0u7biK-.mjs:18:128)
    at #build (file:///C:/Users/adhan/OneDrive/Desktop/adhan%20hashim%20portfolio/node_modules/rolldown/dist/shared/rol
ldown-build-DtGk-m96.mjs:3313:34)
    at async buildEnvironment (file:///C:/Users/adhan/OneDrive/Desktop/adhan%20hashim%20portfolio/node_modules/vite/dis
t/node/chunks/node.js:32954:64)
    at async Object.build (file:///C:/Users/adhan/OneDrive/Desktop/adhan%20hashim%20portfolio/node_modules/vite/dist/no
de/chunks/node.js:33376:19)
    at async Object.buildApp (file:///C:/Users/adhan/OneDrive/Desktop/adhan%20hashim%20portfolio/node_modules/vite/dist
/node/chunks/node.js:33373:153)
    at async CAC.<anonymous> 
(file:///C:/Users/adhan/OneDrive/Desktop/adhan%20hashim%20portfolio/node_modules/vite/dist/node/cli.js:778:3) {
  errors: [Getter/Setter]
}[39m
